Total examples: 78577

Sample example:
  Question: How many heads of the departments are older than 56 ?
  Context:  CREATE TABLE head (age INTEGER)...
  Answer:   SELECT COUNT(*) FROM head WHERE age > 56

Training examples: 78377
Test examples:     200

--- Evaluating Base Model on 200 Test Questions ---
  [base] 1/200 ✓  running acc 100.00%
  [base] 2/200 ✓  running acc 100.00%
  [base] 3/200 ✗  running acc 66.67%
  [base] 4/200 ✓  running acc 75.00%
  [base] 5/200 ✗  running acc 60.00%
  [base] 6/200 ✓  running acc 66.67%
  [base] 7/200 ✓  running acc 71.43%
  [base] 8/200 ✓  running acc 75.00%
  [base] 9/200 ✗  running acc 66.67%
  [base] 10/200 ✓  running acc 70.00%
  [base] 11/200 ✓  running acc 72.73%
  [base] 12/200 ✗  running acc 66.67%
  [base] 13/200 ✓  running acc 69.23%
  [base] 14/200 ✗  running acc 64.29%
  [base] 15/200 ✓  running acc 66.67%
  [base] 16/200 ✗  running acc 62.50%
  [base] 17/200 ✗  running acc 58.82%
  [base] 18/200 ✗  running acc 55.56%
  [base] 19/200 ✗  running acc 52.63%
  [base] 20/200 ✗  running acc 50.00%
  [base] 21/200 ✓  running acc 52.38%
  [base] 22/200 ✓  running acc 54.55%
  [base] 23/200 ✓  running acc 56.52%
  [base] 24/200 ✗  running acc 54.17%
  [base] 25/200 ✓  running acc 56.00%
  [base] 26/200 ✓  running acc 57.69%
  [base] 27/200 ✗  running acc 55.56%
  [base] 28/200 ✓  running acc 57.14%
  [base] 29/200 ✓  running acc 58.62%
  [base] 30/200 ✗  running acc 56.67%
  [base] 31/200 ✗  running acc 54.84%
  [base] 32/200 ✗  running acc 53.12%
  [base] 33/200 ✓  running acc 54.55%
  [base] 34/200 ✗  running acc 52.94%
  [base] 35/200 ✓  running acc 54.29%
  [base] 36/200 ✓  running acc 55.56%
  [base] 37/200 ✓  running acc 56.76%
  [base] 38/200 ✓  running acc 57.89%
  [base] 39/200 ✗  running acc 56.41%
  [base] 40/200 ✗  running acc 55.00%
  [base] 41/200 ✗  running acc 53.66%
  [base] 42/200 ✓  running acc 54.76%
  [base] 43/200 ✓  running acc 55.81%
  [base] 44/200 ✗  running acc 54.55%
  [base] 45/200 ✗  running acc 53.33%
  [base] 46/200 ✓  running acc 54.35%
  [base] 47/200 ✗  running acc 53.19%
  [base] 48/200 ✗  running acc 52.08%
  [base] 49/200 ✓  running acc 53.06%
  [base] 50/200 ✗  running acc 52.00%
  [base] 51/200 ✓  running acc 52.94%
  [base] 52/200 ✗  running acc 51.92%
  [base] 53/200 ✗  running acc 50.94%
  [base] 54/200 ✗  running acc 50.00%
  [base] 55/200 ✓  running acc 50.91%
  [base] 56/200 ✗  running acc 50.00%
  [base] 57/200 ✗  running acc 49.12%
  [base] 58/200 ✗  running acc 48.28%
  [base] 59/200 ✗  running acc 47.46%
  [base] 60/200 ✗  running acc 46.67%
  [base] 61/200 ✓  running acc 47.54%
  [base] 62/200 ✗  running acc 46.77%
  [base] 63/200 ✗  running acc 46.03%
  [base] 64/200 ✗  running acc 45.31%
  [base] 65/200 ✗  running acc 44.62%
  [base] 66/200 ✗  running acc 43.94%
  [base] 67/200 ✓  running acc 44.78%
  [base] 68/200 ✓  running acc 45.59%
  [base] 69/200 ✗  running acc 44.93%
  [base] 70/200 ✓  running acc 45.71%
  [base] 71/200 ✗  running acc 45.07%
  [base] 72/200 ✗  running acc 44.44%
  [base] 73/200 ✓  running acc 45.21%
  [base] 74/200 ✗  running acc 44.59%
  [base] 75/200 ✓  running acc 45.33%
  [base] 76/200 ✗  running acc 44.74%
  [base] 77/200 ✓  running acc 45.45%
  [base] 78/200 ✗  running acc 44.87%
  [base] 79/200 ✗  running acc 44.30%
  [base] 80/200 ✗  running acc 43.75%
  [base] 81/200 ✗  running acc 43.21%
  [base] 82/200 ✗  running acc 42.68%
  [base] 83/200 ✗  running acc 42.17%
  [base] 84/200 ✗  running acc 41.67%
  [base] 85/200 ✗  running acc 41.18%
  [base] 86/200 ✓  running acc 41.86%
  [base] 87/200 ✗  running acc 41.38%
  [base] 88/200 ✓  running acc 42.05%
  [base] 89/200 ✓  running acc 42.70%
  [base] 90/200 ✓  running acc 43.33%
  [base] 91/200 ✓  running acc 43.96%
  [base] 92/200 ✗  running acc 43.48%
  [base] 93/200 ✗  running acc 43.01%
  [base] 94/200 ✗  running acc 42.55%
  [base] 95/200 ✓  running acc 43.16%
  [base] 96/200 ✓  running acc 43.75%
  [base] 97/200 ✓  running acc 44.33%
  [base] 98/200 ✗  running acc 43.88%
  [base] 99/200 ✓  running acc 44.44%
  [base] 100/200 ✗  running acc 44.00%
  [base] 101/200 ✓  running acc 44.55%
  [base] 102/200 ✗  running acc 44.12%
  [base] 103/200 ✗  running acc 43.69%
  [base] 104/200 ✓  running acc 44.23%
  [base] 105/200 ✗  running acc 43.81%
  [base] 106/200 ✗  running acc 43.40%
  [base] 107/200 ✗  running acc 42.99%
  [base] 108/200 ✗  running acc 42.59%
  [base] 109/200 ✗  running acc 42.20%
  [base] 110/200 ✗  running acc 41.82%
  [base] 111/200 ✗  running acc 41.44%
  [base] 112/200 ✗  running acc 41.07%
  [base] 113/200 ✗  running acc 40.71%
  [base] 114/200 ✗  running acc 40.35%
  [base] 115/200 ✗  running acc 40.00%
  [base] 116/200 ✗  running acc 39.66%
  [base] 117/200 ✗  running acc 39.32%
  [base] 118/200 ✓  running acc 39.83%
  [base] 119/200 ✓  running acc 40.34%
  [base] 120/200 ✗  running acc 40.00%
  [base] 121/200 ✓  running acc 40.50%
